// Jest Snapshot v1, https://goo.gl/fbAQLP

exports[`Ethereum Icon should show Ethereum Icon 1`] = `
<svg
  aria-hidden="true"
  className="MuiSvgIcon-root Component-root-0-2-1"
  focusable="false"
  viewBox="0 0 44 44"
>
  <g
    fill="none"
    fillRule="evenodd"
  >
    <rect
      fill="#9418DC"
      height="44"
      rx="9"
      width="44"
    />
    <path
      d="M11.37 20.286l10.027-4.1 9.719 4.205L21.382 5.5 11.37 20.286zm.031 4.55l10.012 5.627 10.212-5.627L21.505 38.5 11.401 24.836zm10.043-6.645l10.15 4.385-10.15 5.508L11 22.456l10.444-4.265z"
      fill="#FFF"
      fillRule="nonzero"
    />
  </g>
</svg>
`;
