// Jest Snapshot v1, https://goo.gl/fbAQLP

exports[`Grid Icon should show Grid Icon 1`] = `
<svg
  aria-hidden="true"
  className="MuiSvgIcon-root Component-root-1"
  focusable="false"
  style={
    Object {
      "fill": "93B0C1",
      "height": "24px",
      "width": "24px",
    }
  }
  viewBox="0 0 24 24"
>
  <g
    fillRule="evenodd"
    id="ðŸ’¹-Marketplace"
    stroke="none"
    strokeWidth="1"
  >
    <g
      fill="inherit"
      id="504-Exchange-Marketplace-New"
      transform="translate(-1189.000000, -159.000000)"
    >
      <g
        id="Button-group"
        transform="translate(1172.000000, 149.000000)"
      >
        <g
          id="button-structure"
        >
          <path
            d="M32.6,31.6 L38.6,31.6 L38.6,25.6 L32.6,25.6 L32.6,31.6 Z M30.2,34 L41,34 L41,23.2 L30.2,23.2 L30.2,34 Z M19.4,31.6 L25.4,31.6 L25.4,25.6 L19.4,25.6 L19.4,31.6 Z M17,34 L27.8,34 L27.8,23.2 L17,23.2 L17,34 Z M32.6,18.4 L38.6,18.4 L38.6,12.4 L32.6,12.4 L32.6,18.4 Z M30.2,20.8 L41,20.8 L41,10 L30.2,10 L30.2,20.8 Z M19.4,18.4 L25.4,18.4 L25.4,12.4 L19.4,12.4 L19.4,18.4 Z M17,20.8 L27.8,20.8 L27.8,10 L17,10 L17,20.8 Z"
            id="icon-grid"
          />
        </g>
      </g>
    </g>
  </g>
</svg>
`;
