// Jest Snapshot v1, https://goo.gl/fbAQLP

exports[`Listing LWS Icon should show Listing LWS Icon 1`] = `
<svg
  aria-hidden="true"
  className="MuiSvgIcon-root"
  focusable="false"
  style={
    Object {
      "height": "21px",
      "width": "10px",
    }
  }
  viewBox="0 0 10 21"
>
  <g
    fill="none"
    fillRule="evenodd"
    id="ðŸŒˆ-UIelinesxx"
    stroke="none"
    strokeWidth="1"
  >
    <g
      fill="#00C0D9"
      id="6uidexts-2"
      transform="translate(-1053.000000, -825.000000)"
    >
      <g
        id="Badgesx"
        transform="translate(1047.000000, 679.000000)"
      >
        <path
          d="M14.3706239,146 C14.8997523,146.002842 15.3273555,146.433256 15.327915,146.963584 L15.3248203,146.960999 C15.3242608,147.490811 14.8966576,147.921225 14.3675292,147.924066 L10.8070872,147.924066 L10.8070872,149.999081 L13.4334483,149.999081 C13.6878851,149.999629 13.9316835,150.101457 14.1112106,150.282164 C14.2907376,150.462871 14.3912872,150.707655 14.3907394,150.962665 C14.3915949,151.493494 13.9630837,151.924591 13.4334483,151.925732 L10.8070872,151.925732 L10.8070872,159.312865 C10.8086345,159.346984 10.8086345,159.381102 10.8070872,159.41522 C12.6649334,159.907351 13.8728945,161.708385 13.6330559,163.626248 C13.3927015,165.544111 11.7783044,166.986903 9.85753284,166.999914 C7.93624547,167.01275 6.3027644,165.592187 6.03713674,163.677426 C5.77150908,161.762664 6.95522842,159.946122 8.8068852,159.428661 C8.80241209,159.391431 8.8000014,159.353981 8.7996643,159.316484 L8.7996643,147.010626 C8.79897952,146.743098 8.90443005,146.486269 9.0927889,146.29671 C9.2811478,146.107151 9.53696431,146.000411 9.80389154,146 C9.88796395,146 9.9715206,146.011373 10.0530142,146.032567 C10.1319019,146.011264 10.2132154,146.000317 10.2949158,146 L14.3706239,146 Z M9.84566984,161.044112 C8.65496155,161.044112 7.68970176,162.017564 7.68970176,163.218379 C7.68970176,164.419194 8.65496155,165.392647 9.84566984,165.392647 C11.0363781,165.392647 12.0016379,164.419194 12.0016379,163.218379 C12.0016379,162.017564 11.0363781,161.044112 9.84566984,161.044112 Z"
          id="icon-listing-lws"
        />
      </g>
    </g>
  </g>
</svg>
`;
