// Jest Snapshot v1, https://goo.gl/fbAQLP

exports[`Link should show Link 1`] = `
<a
  className="undefined Component-a-0-1-1 undefined"
  href="http://test"
  onClick={[Function]}
>
  TEST
</a>
`;
