// Jest Snapshot v1, https://goo.gl/fbAQLP

exports[`Paragraph should show Paragraph 1`] = `
<p
  className="undefined Component-p-0-1-1 undefined"
>
  TEST
</p>
`;
