// Jest Snapshot v1, https://goo.gl/fbAQLP

exports[`Crypto Price Box should show Crypto Price Box for Key 1`] = `
<div
  className="Component-cryptoPriceBox-0-1-1"
>
  <div
    className="MuiGrid-container-1 MuiGrid-spacing-xs-8-23 MuiGrid-align-items-xs-center-9 Component-test-0-1-2"
  >
    <div
      className="MuiGrid-item-2 Component-currency-0-1-4"
    >
      KEY
    </div>
    <div
      className="MuiGrid-item-2 Component-value-0-1-5"
    >
      <div>
        4
         
      </div>
    </div>
  </div>
  <div
    className="MuiGrid-container-1 MuiGrid-spacing-xs-8-23 MuiGrid-align-items-xs-center-9 Component-row-0-1-3"
  >
    <div
      className="MuiGrid-item-2 Component-currency-0-1-4"
    >
      USD
    </div>
    <div
      className="MuiGrid-item-2 Component-value-0-1-5"
    >
      <div>
        $0.0174857
         
      </div>
    </div>
  </div>
</div>
`;
