// Jest Snapshot v1, https://goo.gl/fbAQLP

exports[`Token Box should show Token Box for key 1`] = `
<div
  className="Component-tokenBox-0-1-1"
>
  <div
    className="MuiGrid-container-1"
  >
    <div
      className="MuiGrid-item-2 MuiGrid-grid-sm-2-45"
    >
      <svg
        aria-hidden="true"
        className="MuiSvgIcon-root-98 Component-root-0-1-10"
        focusable="false"
        role="presentation"
        viewBox="0 0 44 44"
      >
        <g
          fill="none"
          fillRule="evenodd"
        >
          <rect
            fill="#2DA1F8"
            height="44"
            rx="9"
            width="44"
          />
          <path
            d="M33.2899445,22.9203128 C31.3240959,20.9415891 28.2827759,20.6709767 26.0176127,22.1008593 L14.3790117,10.384719 C13.8693908,9.87176033 13.0437885,9.87176033 12.5342002,10.384719 L8.38221571,14.5638959 C7.87259476,15.0768546 7.87259476,15.9078641 8.38221571,16.4207899 C8.89183732,16.9337157 9.71743957,16.9337486 10.2270279,16.4207899 L13.4554644,13.171209 L15.7614951,15.4923429 L12.5330586,18.7419238 C12.0234377,19.2548825 12.0234377,20.0858919 12.5330586,20.5988178 C13.0426796,21.1117436 13.8682818,21.1117765 14.3778702,20.5988178 L17.6063067,17.3492369 L24.1715292,23.9574578 C22.7509506,26.237555 23.0210741,29.2987939 24.9856507,31.2774191 C27.2674805,33.5741936 31.0068426,33.5741936 33.2886398,31.2774191 C35.5704371,28.9806446 35.5704697,25.2167919 33.2886398,22.9200502 L33.2899445,22.9203128 Z M31.4451329,24.7772068 C32.7293777,26.0698627 32.7293777,28.1267859 31.4451329,29.4196059 C30.1608881,30.7124259 28.1173489,30.7122618 26.832941,29.4196059 C25.5485331,28.12695 25.5486962,26.0700268 26.832941,24.7772068 C28.1171858,23.4843868 30.1607251,23.4845509 31.4451329,24.7772068 Z"
            fill="#FFFFFF"
            id="Page-1-Copy"
            transform="translate(21.500000, 21.500000) scale(-1, 1) rotate(45.000000) translate(-21.500000, -21.500000) "
          />
        </g>
      </svg>
    </div>
    <div
      className="MuiGrid-item-2 MuiGrid-grid-sm-8-51"
    >
      <div
        className="Component-cryptoCurrencyName-0-1-8"
      >
        Selfkey
      </div>
      <div
        className="Component-cryptoCurrencyShort-0-1-9"
      >
        KEY
      </div>
    </div>
    <div
      className="MuiGrid-item-2 MuiGrid-grid-sm-2-45"
    >
      <button
        className="Component-transferButton-0-1-7"
      >
        <svg
          aria-hidden="true"
          className="MuiSvgIcon-root-98 Component-root-0-1-11"
          focusable="false"
          role="presentation"
          viewBox="0 0 489.2 489.2"
        >
          <g>
            <g>
              <path
                d="M481.044,382.5c0-6.8-5.5-12.3-12.3-12.3h-418.7l73.6-73.6c4.8-4.8,4.8-12.5,0-17.3c-4.8-4.8-12.5-4.8-17.3,0l-94.5,94.5    c-4.8,4.8-4.8,12.5,0,17.3l94.5,94.5c2.4,2.4,5.5,3.6,8.7,3.6s6.3-1.2,8.7-3.6c4.8-4.8,4.8-12.5,0-17.3l-73.6-73.6h418.8    C475.544,394.7,481.044,389.3,481.044,382.5z"
              />
              <path
                d="M477.444,98l-94.5-94.4c-4.8-4.8-12.5-4.8-17.3,0s-4.8,12.5,0,17.3l73.6,73.6h-418.8c-6.8,0-12.3,5.5-12.3,12.3    s5.5,12.3,12.3,12.3h418.8l-73.6,73.4c-4.8,4.8-4.8,12.5,0,17.3c2.4,2.4,5.5,3.6,8.7,3.6s6.3-1.2,8.7-3.6l94.5-94.5    C482.244,110.6,482.244,102.8,477.444,98z"
              />
            </g>
          </g>
          <g />
          <g />
          <g />
          <g />
          <g />
          <g />
          <g />
          <g />
          <g />
          <g />
          <g />
          <g />
          <g />
          <g />
          <g />
        </svg>
      </button>
    </div>
  </div>
  <div
    className="Component-tokenBoxBody-0-1-2"
  />
  <div
    className="Component-tokenBoxFooter-0-1-3"
  >
    <div
      className="Component-horizontalDivider-0-1-4"
    />
  </div>
  <div
    className="MuiGrid-container-1 Component-addressBox-0-1-5"
  >
    <div
      className="MuiGrid-item-2 MuiGrid-grid-xs-10-39"
    >
      <span
        className="Component-publicKey-0-1-6"
      >
        0x4184288c556524df9cb9e58b73265ee66dca4efe
      </span>
    </div>
    <div
      className="MuiGrid-item-2 MuiGrid-grid-xs-2-31"
    >
      <button
        className="CopyComponent-copyButton-0-1-12"
        onClick={[Function]}
      >
        <span
          className="CopyComponent-copyButtonSpan-0-1-13"
        >
          COPY
        </span>
      </button>
    </div>
  </div>
</div>
`;
