// Jest Snapshot v1, https://goo.gl/fbAQLP

exports[`LWS Modal Body should show LWS Modal Body 1`] = `
<div
  className="Component-root-1"
/>
`;
